###############################################################################
#
# IAR ELF Linker V7.50.2.10312/W32 for ARM                04/May/2016  09:49:37
# Copyright 2007-2015 IAR Systems AB.
#
#    Output file  =  
#        G:\Vital Data Bank\YCP\YCP Spring
#        '16\CS320\Shuttle_Wifi\EWARM\Shuttle_Wifi\Exe\Shuttle_Wifi.out
#    Map file     =  
#        G:\Vital Data Bank\YCP\YCP Spring
#        '16\CS320\Shuttle_Wifi\EWARM\Shuttle_Wifi\List\Shuttle_Wifi.map
#    Command line =  
#        "G:\Vital Data Bank\YCP\YCP Spring
#        '16\CS320\Shuttle_Wifi\EWARM\Shuttle_Wifi\Obj\main.o" "G:\Vital Data
#        Bank\YCP\YCP Spring
#        '16\CS320\Shuttle_Wifi\EWARM\Shuttle_Wifi\Obj\startup_stm32f401xe.o"
#        "G:\Vital Data Bank\YCP\YCP Spring
#        '16\CS320\Shuttle_Wifi\EWARM\Shuttle_Wifi\Obj\stm32f4xx_hal.o"
#        "G:\Vital Data Bank\YCP\YCP Spring
#        '16\CS320\Shuttle_Wifi\EWARM\Shuttle_Wifi\Obj\stm32f4xx_hal_cortex.o"
#        "G:\Vital Data Bank\YCP\YCP Spring
#        '16\CS320\Shuttle_Wifi\EWARM\Shuttle_Wifi\Obj\stm32f4xx_hal_dma.o"
#        "G:\Vital Data Bank\YCP\YCP Spring
#        '16\CS320\Shuttle_Wifi\EWARM\Shuttle_Wifi\Obj\stm32f4xx_hal_dma_ex.o"
#        "G:\Vital Data Bank\YCP\YCP Spring
#        '16\CS320\Shuttle_Wifi\EWARM\Shuttle_Wifi\Obj\stm32f4xx_hal_flash.o"
#        "G:\Vital Data Bank\YCP\YCP Spring
#        '16\CS320\Shuttle_Wifi\EWARM\Shuttle_Wifi\Obj\stm32f4xx_hal_flash_ex.o"
#        "G:\Vital Data Bank\YCP\YCP Spring
#        '16\CS320\Shuttle_Wifi\EWARM\Shuttle_Wifi\Obj\stm32f4xx_hal_flash_ramfunc.o"
#        "G:\Vital Data Bank\YCP\YCP Spring
#        '16\CS320\Shuttle_Wifi\EWARM\Shuttle_Wifi\Obj\stm32f4xx_hal_gpio.o"
#        "G:\Vital Data Bank\YCP\YCP Spring
#        '16\CS320\Shuttle_Wifi\EWARM\Shuttle_Wifi\Obj\stm32f4xx_hal_msp.o"
#        "G:\Vital Data Bank\YCP\YCP Spring
#        '16\CS320\Shuttle_Wifi\EWARM\Shuttle_Wifi\Obj\stm32f4xx_hal_pwr.o"
#        "G:\Vital Data Bank\YCP\YCP Spring
#        '16\CS320\Shuttle_Wifi\EWARM\Shuttle_Wifi\Obj\stm32f4xx_hal_pwr_ex.o"
#        "G:\Vital Data Bank\YCP\YCP Spring
#        '16\CS320\Shuttle_Wifi\EWARM\Shuttle_Wifi\Obj\stm32f4xx_hal_rcc.o"
#        "G:\Vital Data Bank\YCP\YCP Spring
#        '16\CS320\Shuttle_Wifi\EWARM\Shuttle_Wifi\Obj\stm32f4xx_hal_rcc_ex.o"
#        "G:\Vital Data Bank\YCP\YCP Spring
#        '16\CS320\Shuttle_Wifi\EWARM\Shuttle_Wifi\Obj\stm32f4xx_hal_rtc.o"
#        "G:\Vital Data Bank\YCP\YCP Spring
#        '16\CS320\Shuttle_Wifi\EWARM\Shuttle_Wifi\Obj\stm32f4xx_hal_rtc_ex.o"
#        "G:\Vital Data Bank\YCP\YCP Spring
#        '16\CS320\Shuttle_Wifi\EWARM\Shuttle_Wifi\Obj\stm32f4xx_hal_tim.o"
#        "G:\Vital Data Bank\YCP\YCP Spring
#        '16\CS320\Shuttle_Wifi\EWARM\Shuttle_Wifi\Obj\stm32f4xx_hal_tim_ex.o"
#        "G:\Vital Data Bank\YCP\YCP Spring
#        '16\CS320\Shuttle_Wifi\EWARM\Shuttle_Wifi\Obj\stm32f4xx_hal_uart.o"
#        "G:\Vital Data Bank\YCP\YCP Spring
#        '16\CS320\Shuttle_Wifi\EWARM\Shuttle_Wifi\Obj\stm32f4xx_it.o"
#        "G:\Vital Data Bank\YCP\YCP Spring
#        '16\CS320\Shuttle_Wifi\EWARM\Shuttle_Wifi\Obj\system_stm32f4xx.o"
#        --redirect _Printf=_PrintfFull --redirect _Scanf=_ScanfFull -o
#        "G:\Vital Data Bank\YCP\YCP Spring
#        '16\CS320\Shuttle_Wifi\EWARM\Shuttle_Wifi\Exe\Shuttle_Wifi.out" --map
#        "G:\Vital Data Bank\YCP\YCP Spring
#        '16\CS320\Shuttle_Wifi\EWARM\Shuttle_Wifi\List\Shuttle_Wifi.map"
#        --config "G:\Vital Data Bank\YCP\YCP Spring
#        '16\CS320\Shuttle_Wifi\EWARM/stm32f401xe_flash.icf" --semihosting
#        --entry __iar_program_start --vfe
#
###############################################################################

*******************************************************************************
*** RUNTIME MODEL ATTRIBUTES
***

CppFlavor       = *
__SystemLibrary = DLib


*******************************************************************************
*** PLACEMENT SUMMARY
***

"A1":  place at 0x08000000 { ro section .intvec };
"P1":  place in [from 0x08000000 to 0x0807ffff] { ro };
"P2":  place in [from 0x20000000 to 0x20017fff] { rw, block CSTACK, block HEAP };

  Section            Kind        Address    Size  Object
  -------            ----        -------    ----  ------
"A1":                                      0x194
  .intvec            ro code  0x08000000   0x194  startup_stm32f401xe.o [1]
                            - 0x08000194   0x194

"P1":                                     0x162c
  .text              ro code  0x08000194   0x434  stm32f4xx_hal_rcc.o [1]
  .text              ro code  0x080005c8    0x6c  stm32f4xx_hal.o [1]
  .text              ro code  0x08000634    0xca  stm32f4xx_hal_cortex.o [1]
  .text              ro code  0x08000700    0xf4  stm32f4xx_hal_msp.o [1]
  .text              ro code  0x080007f4   0x1c0  stm32f4xx_hal_gpio.o [1]
  .text              ro code  0x080009b4   0x364  main.o [1]
  .text              ro code  0x08000d18   0x32e  stm32f4xx_hal_uart.o [1]
  .text              ro code  0x08001048    0x2c  I32ToDbl.o [4]
  .text              ro code  0x08001074   0x256  DblDiv.o [4]
  .text              ro code  0x080012cc    0xe8  DblAdd.o [4]
  .text              ro code  0x080013b4   0x16c  DblSub.o [4]
  .text              ro code  0x08001520    0x50  system_stm32f4xx.o [1]
  .text              ro code  0x08001570    0x40  zero_init3.o [5]
  .text              ro code  0x080015b0    0x2c  copy_init3.o [5]
  .text              ro code  0x080015dc    0x28  data_init.o [5]
  .text              ro code  0x08001604    0x22  fpinit_M.o [4]
  .iar.init_table    const    0x08001628    0x24  - Linker created -
  .text              ro code  0x0800164c    0x1a  cmain.o [5]
  .text              ro code  0x08001666     0x4  low_level_init.o [3]
  .text              ro code  0x0800166a     0x4  exit.o [3]
  .text              ro code  0x08001670     0xa  cexit.o [5]
  .text              ro code  0x0800167c    0x14  exit.o [6]
  .text              ro code  0x08001690    0x10  startup_stm32f401xe.o [1]
  .text              ro code  0x080016a0     0xe  stm32f4xx_it.o [1]
  .text              ro code  0x080016ae     0xc  cstartup_M.o [5]
  .text              ro code  0x080016ba     0x4  startup_stm32f401xe.o [1]
  .text              ro code  0x080016be     0x4  startup_stm32f401xe.o [1]
  .text              ro code  0x080016c2     0x4  startup_stm32f401xe.o [1]
  .text              ro code  0x080016c6     0x4  startup_stm32f401xe.o [1]
  .text              ro code  0x080016ca     0x4  startup_stm32f401xe.o [1]
  .text              ro code  0x080016ce     0x4  startup_stm32f401xe.o [1]
  .text              ro code  0x080016d2     0x4  startup_stm32f401xe.o [1]
  .text              ro code  0x080016d6     0x4  startup_stm32f401xe.o [1]
  .text              ro code  0x080016da     0x4  startup_stm32f401xe.o [1]
  .text              ro code  0x080016de     0x4  startup_stm32f401xe.o [1]
  .text              ro code  0x080016e2     0x4  startup_stm32f401xe.o [1]
  .text              ro code  0x080016e6     0x4  startup_stm32f401xe.o [1]
  .text              ro code  0x080016ea     0x4  startup_stm32f401xe.o [1]
  .text              ro code  0x080016ee     0x4  startup_stm32f401xe.o [1]
  .text              ro code  0x080016f2     0x4  startup_stm32f401xe.o [1]
  .text              ro code  0x080016f6     0x4  startup_stm32f401xe.o [1]
  .text              ro code  0x080016fa     0x4  startup_stm32f401xe.o [1]
  .text              ro code  0x080016fe     0x4  startup_stm32f401xe.o [1]
  .text              ro code  0x08001702     0x4  startup_stm32f401xe.o [1]
  .text              ro code  0x08001706     0x4  startup_stm32f401xe.o [1]
  .text              ro code  0x0800170a     0x4  startup_stm32f401xe.o [1]
  .text              ro code  0x0800170e     0x4  startup_stm32f401xe.o [1]
  .text              ro code  0x08001712     0x4  startup_stm32f401xe.o [1]
  .text              ro code  0x08001716     0x4  startup_stm32f401xe.o [1]
  .text              ro code  0x0800171a     0x4  startup_stm32f401xe.o [1]
  .text              ro code  0x0800171e     0x4  startup_stm32f401xe.o [1]
  .text              ro code  0x08001722     0x4  startup_stm32f401xe.o [1]
  .text              ro code  0x08001726     0x4  startup_stm32f401xe.o [1]
  .text              ro code  0x0800172a     0x4  startup_stm32f401xe.o [1]
  .text              ro code  0x0800172e     0x4  startup_stm32f401xe.o [1]
  .text              ro code  0x08001732     0x4  startup_stm32f401xe.o [1]
  .text              ro code  0x08001736     0x4  startup_stm32f401xe.o [1]
  .text              ro code  0x0800173a     0x4  startup_stm32f401xe.o [1]
  .text              ro code  0x0800173e     0x4  startup_stm32f401xe.o [1]
  .text              ro code  0x08001742     0x4  startup_stm32f401xe.o [1]
  .text              ro code  0x08001746     0x4  startup_stm32f401xe.o [1]
  .text              ro code  0x0800174a     0x4  startup_stm32f401xe.o [1]
  .text              ro code  0x0800174e     0x4  startup_stm32f401xe.o [1]
  .text              ro code  0x08001752     0x4  startup_stm32f401xe.o [1]
  .text              ro code  0x08001756     0x4  startup_stm32f401xe.o [1]
  .text              ro code  0x0800175a     0x4  startup_stm32f401xe.o [1]
  .text              ro code  0x0800175e     0x4  startup_stm32f401xe.o [1]
  .text              ro code  0x08001762     0x4  startup_stm32f401xe.o [1]
  .text              ro code  0x08001766     0x4  startup_stm32f401xe.o [1]
  .text              ro code  0x0800176a     0x4  startup_stm32f401xe.o [1]
  .text              ro code  0x0800176e     0x4  startup_stm32f401xe.o [1]
  .text              ro code  0x08001772     0x4  startup_stm32f401xe.o [1]
  .text              ro code  0x08001776     0x4  startup_stm32f401xe.o [1]
  .text              ro code  0x0800177a     0x4  startup_stm32f401xe.o [1]
  .text              ro code  0x0800177e     0x4  startup_stm32f401xe.o [1]
  .text              ro code  0x08001782     0x4  startup_stm32f401xe.o [1]
  .text              ro code  0x08001786     0x4  startup_stm32f401xe.o [1]
  .text              ro code  0x0800178a     0x4  startup_stm32f401xe.o [1]
  .text              ro code  0x0800178e     0x4  startup_stm32f401xe.o [1]
  .text              ro code  0x08001792     0x4  startup_stm32f401xe.o [1]
  .text              ro code  0x08001796     0x4  startup_stm32f401xe.o [1]
  .text              ro code  0x0800179a     0x4  startup_stm32f401xe.o [1]
  .text              ro code  0x0800179e     0x4  startup_stm32f401xe.o [1]
  .text              ro code  0x080017a2     0x4  startup_stm32f401xe.o [1]
  .text              ro code  0x080017a6     0x4  startup_stm32f401xe.o [1]
  .text              ro code  0x080017aa     0x4  startup_stm32f401xe.o [1]
  .text              ro code  0x080017ae     0x4  startup_stm32f401xe.o [1]
  .text              ro code  0x080017b2     0x4  startup_stm32f401xe.o [1]
  .text              ro code  0x080017b6     0x4  startup_stm32f401xe.o [1]
  Initializer bytes  const    0x080017bc     0x4  <for P2-1>
  .rodata            const    0x080017c0     0x0  zero_init3.o [5]
  .rodata            const    0x080017c0     0x0  copy_init3.o [5]
                            - 0x080017c0  0x162c

"P2", part 1 of 3:                           0x4
  P2-1                        0x20000000     0x4  <Init block>
    .data            inited   0x20000000     0x4  system_stm32f4xx.o [1]
                            - 0x20000004     0x4

"P2", part 2 of 3:                         0x200
  CSTACK                      0x20000008   0x200  <Block>
    CSTACK           uninit   0x20000008   0x200  <Block tail>
                            - 0x20000208   0x200

"P2", part 3 of 3:                         0x13c
  .bss               zero     0x20000208   0x138  main.o [1]
  .bss               zero     0x20000340     0x4  stm32f4xx_hal.o [1]
                            - 0x20000344   0x13c


*******************************************************************************
*** INIT TABLE
***

          Address     Size
          -------     ----
Zero (__iar_zero_init3)
    1 destination range, total size 0x13c:
          0x20000208  0x13c

Copy (__iar_copy_init3)
    1 source range, total size 0x4:
          0x080017bc    0x4
    1 destination range, total size 0x4:
          0x20000000    0x4



*******************************************************************************
*** MODULE SUMMARY
***

    Module                  ro code  ro data  rw data
    ------                  -------  -------  -------
G:\Vital Data Bank\YCP\YCP Spring '16\CS320\Shuttle_Wifi\EWARM\Shuttle_Wifi\Obj: [1]
    main.o                      868               312
    startup_stm32f401xe.o       676
    stm32f4xx_hal.o             108                 4
    stm32f4xx_hal_cortex.o      202
    stm32f4xx_hal_gpio.o        448
    stm32f4xx_hal_msp.o         244
    stm32f4xx_hal_rcc.o       1 076
    stm32f4xx_hal_uart.o        814
    stm32f4xx_it.o               14
    system_stm32f4xx.o           80        4        4
    -------------------------------------------------
    Total:                    4 530        4      320

command line: [2]
    -------------------------------------------------
    Total:

dl7M_tlf.a: [3]
    exit.o                        4
    low_level_init.o              4
    -------------------------------------------------
    Total:                        8

m7M_tls.a: [4]
    DblAdd.o                    232
    DblDiv.o                    598
    DblSub.o                    364
    I32ToDbl.o                   44
    fpinit_M.o                   34
    -------------------------------------------------
    Total:                    1 272

rt7M_tl.a: [5]
    cexit.o                      10
    cmain.o                      26
    copy_init3.o                 44
    cstartup_M.o                 12
    data_init.o                  40
    zero_init3.o                 64
    -------------------------------------------------
    Total:                      196

shb_l.a: [6]
    exit.o                       20
    -------------------------------------------------
    Total:                       20

    Gaps                         10        2
    Linker created                        38      512
-----------------------------------------------------
    Grand Total:              6 036       44      832


*******************************************************************************
*** ENTRY LIST
***

Entry                      Address   Size  Type      Object
-----                      -------   ----  ----      ------
.iar.init_table$$Base   0x08001628          --   Gb  - Linker created -
.iar.init_table$$Limit  0x0800164c          --   Gb  - Linker created -
?main                   0x0800164d         Code  Gb  cmain.o [5]
APBAHBPrescTable        0x080005b8   0x10  Data  Gb  stm32f4xx_hal_rcc.o [1]
CSTACK$$Base            0x20000008          --   Gb  - Linker created -
CSTACK$$Limit           0x20000208          --   Gb  - Linker created -
HAL_GPIO_Init           0x080007f5  0x198  Code  Gb  stm32f4xx_hal_gpio.o [1]
HAL_GPIO_WritePin       0x0800098d    0x8  Code  Gb  stm32f4xx_hal_gpio.o [1]
HAL_GetTick             0x08000627    0x6  Code  Wk  stm32f4xx_hal.o [1]
HAL_IncTick             0x0800061d    0xa  Code  Wk  stm32f4xx_hal.o [1]
HAL_Init                0x080005c9   0x30  Code  Gb  stm32f4xx_hal.o [1]
HAL_InitTick            0x080005f9   0x24  Code  Wk  stm32f4xx_hal.o [1]
HAL_MspInit             0x08000701   0x18  Code  Gb  stm32f4xx_hal_msp.o [1]
HAL_NVIC_SetPriority    0x08000669   0x3a  Code  Gb  stm32f4xx_hal_cortex.o [1]
HAL_NVIC_SetPriorityGrouping
                        0x0800064f   0x1a  Code  Gb  stm32f4xx_hal_cortex.o [1]
HAL_RCC_ClockConfig     0x080003df  0x10e  Code  Gb  stm32f4xx_hal_rcc.o [1]
HAL_RCC_GetHCLKFreq     0x08000541   0x1e  Code  Gb  stm32f4xx_hal_rcc.o [1]
HAL_RCC_GetPCLK1Freq    0x0800055f   0x10  Code  Gb  stm32f4xx_hal_rcc.o [1]
HAL_RCC_GetPCLK2Freq    0x0800056f    0xe  Code  Gb  stm32f4xx_hal_rcc.o [1]
HAL_RCC_GetSysClockFreq
                        0x080004fb   0x46  Code  Wk  stm32f4xx_hal_rcc.o [1]
HAL_RCC_OscConfig       0x08000195  0x242  Code  Wk  stm32f4xx_hal_rcc.o [1]
HAL_SYSTICK_CLKSourceConfig
                        0x080006cb   0x14  Code  Gb  stm32f4xx_hal_cortex.o [1]
HAL_SYSTICK_Callback    0x080006fd    0x2  Code  Wk  stm32f4xx_hal_cortex.o [1]
HAL_SYSTICK_Config      0x080006a3   0x28  Code  Gb  stm32f4xx_hal_cortex.o [1]
HAL_SYSTICK_IRQHandler  0x080006f5    0x8  Code  Gb  stm32f4xx_hal_cortex.o [1]
HAL_UART_Init           0x08000d19   0x28  Code  Gb  stm32f4xx_hal_uart.o [1]
HAL_UART_MspInit        0x08000719   0xb4  Code  Gb  stm32f4xx_hal_msp.o [1]
HAL_UART_Receive        0x08000d87   0x9a  Code  Gb  stm32f4xx_hal_uart.o [1]
NVIC_SetPriority        0x08000635   0x1a  Code  Lc  stm32f4xx_hal_cortex.o [1]
Region$$Table$$Base     0x08001628          --   Gb  - Linker created -
Region$$Table$$Limit    0x0800164c          --   Gb  - Linker created -
SysTick_Handler         0x080016a1    0xe  Code  Gb  stm32f4xx_it.o [1]
SystemClock_Config      0x08000bf3   0xa8  Code  Gb  main.o [1]
SystemCoreClock         0x20000000    0x4  Data  Gb  system_stm32f4xx.o [1]
SystemInit              0x08001521   0x3a  Code  Gb  system_stm32f4xx.o [1]
UART_SetConfig          0x08000ecb  0x13a  Code  Lc  stm32f4xx_hal_uart.o [1]
UART_WaitOnFlagUntilTimeout
                        0x08000e2f   0x8c  Code  Lc  stm32f4xx_hal_uart.o [1]
__aeabi_dadd            0x080012cd         Code  Gb  DblAdd.o [4]
__aeabi_ddiv            0x08001075         Code  Gb  DblDiv.o [4]
__aeabi_i2d             0x08001049         Code  Gb  I32ToDbl.o [4]
__cmain                 0x0800164d         Code  Gb  cmain.o [5]
__exit                  0x0800167d   0x14  Code  Gb  exit.o [6]
__iar_copy_init3        0x080015b1   0x2c  Code  Gb  copy_init3.o [5]
__iar_dadd              0x080012e1         Code  Gb  DblAdd.o [4]
__iar_data_init3        0x080015dd   0x28  Code  Gb  data_init.o [5]
__iar_dsub              0x080013b5         Code  Gb  DblSub.o [4]
__iar_dsubStart         0x080013c7         Code  Gb  DblSub.o [4]
__iar_init_vfp          0x08001605         Code  Gb  fpinit_M.o [4]
__iar_program_start     0x080016af         Code  Gb  cstartup_M.o [5]
__iar_ui2d              0x0800105d         Code  Gb  I32ToDbl.o [4]
__iar_zero_init3        0x08001571   0x40  Code  Gb  zero_init3.o [5]
__low_level_init        0x08001667    0x4  Code  Gb  low_level_init.o [3]
__vector_table          0x08000000         Data  Gb  startup_stm32f401xe.o [1]
_call_main              0x08001659         Code  Gb  cmain.o [5]
_exit                   0x08001671         Code  Gb  cexit.o [5]
_main                   0x08001663         Code  Gb  cmain.o [5]
exit                    0x0800166b    0x4  Code  Gb  exit.o [3]
gps_char                0x2000026c    0x1  Data  Gb  main.o [1]
gps_string              0x20000208   0x64  Data  Gb  main.o [1]
hex_to_ascii            0x08000cc9   0x50  Code  Gb  main.o [1]
huart1                  0x20000270   0x40  Data  Gb  main.o [1]
huart2                  0x200002b0   0x40  Data  Gb  main.o [1]
huart6                  0x200002f0   0x40  Data  Gb  main.o [1]
latitude                0x20000330    0x8  Data  Gb  main.o [1]
lattemp                 0x20000338    0x4  Data  Gb  main.o [1]
lattempdec              0x2000033c    0x4  Data  Gb  main.o [1]
main                    0x080009b5  0x218  Code  Gb  main.o [1]
uwTick                  0x20000340    0x4  Data  Gb  stm32f4xx_hal.o [1]


[1] = G:\Vital Data Bank\YCP\YCP Spring '16\CS320\Shuttle_Wifi\EWARM\Shuttle_Wifi\Obj
[2] = command line
[3] = dl7M_tlf.a
[4] = m7M_tls.a
[5] = rt7M_tl.a
[6] = shb_l.a

  6 036 bytes of readonly  code memory
     44 bytes of readonly  data memory
    832 bytes of readwrite data memory

Errors: none
Warnings: none
